========================================================================
PILOT FEASIBILITY / POWER — personalized dose-response recovery
within-patient micro-randomized trial · 150 replicate pilots/config
per-patient effect jitter sd=0.25 · reward noise=0.6
========================================================================
 estimator  patients  weeks   pt.acc  %confident  conf.prec   yield
     naive         4      4     0.59        0.34       0.79    0.27
     naive         4      8     0.66        0.35       0.87    0.30
     naive         4     12     0.67        0.33       0.94    0.30
     naive         8      4     0.58        0.30       0.76    0.23
     naive         8      8     0.62        0.29       0.81    0.24
     naive         8     12     0.64        0.29       0.85    0.25
     naive        12      4     0.60        0.31       0.77    0.24
     naive        12      8     0.66        0.32       0.84    0.27
     naive        12     12     0.67        0.31       0.89    0.28
    pooled         4      4     0.59        0.62       0.70    0.43
    pooled         4      8     0.66        0.54       0.78    0.42
    pooled         4     12     0.67        0.46       0.86    0.39
    pooled         8      4     0.63        0.56       0.73    0.41
    pooled         8      8     0.67        0.46       0.84    0.38
    pooled         8     12     0.67        0.41       0.86    0.35
    pooled        12      4     0.70        0.57       0.82    0.47
    pooled        12      8     0.72        0.49       0.88    0.43
    pooled        12     12     0.72        0.43       0.90    0.39

------------------------------------------------------------------------
8 patients, 8 weeks [ naive]: point acc 62% · 29% confident · 81% of those correct · yield 24%
8 patients, 8 weeks [pooled]: point acc 67% · 46% confident · 84% of those correct · yield 38%
Chance baseline (4 activities) = 25% point accuracy.
→ Partial pooling toward the phenotype prior is what lifts the
  small-sample per-patient endpoint from underpowered to usable.

saved outputs/pilot_power/pilot_power.csv
